
===========================================================================
 report_power
============================================================================
======================= nom_tt_025C_1v80 Corner ===================================

Group                    Internal    Switching      Leakage        Total
                            Power        Power        Power        Power (Watts)
------------------------------------------------------------------------
Sequential           1.176589e-04 0.000000e+00 7.778386e-10 1.176597e-04  44.5%
Combinational        7.800263e-07 2.365348e-06 7.381364e-10 3.146113e-06   1.2%
Clock                1.000045e-04 4.343740e-05 3.393482e-10 1.434423e-04  54.3%
Macro                0.000000e+00 0.000000e+00 0.000000e+00 0.000000e+00   0.0%
Pad                  0.000000e+00 0.000000e+00 0.000000e+00 0.000000e+00   0.0%
------------------------------------------------------------------------
Total                2.184435e-04 4.580275e-05 1.855325e-09 2.642481e-04 100.0%
                            82.7%        17.3%         0.0%
Writing metric power__internal__total: 0.0002184434561058879
Writing metric power__switching__total: 4.580274617183022e-5
Writing metric power__leakage__total: 1.855325115762696e-9
Writing metric power__total: 0.0002642480540089309

